Analysis & Synthesis report for elevator_simulator
Fri Jun 20 03:24:00 2014
Quartus II 64-Bit Version 13.0.1 Build 232 06/12/2013 Service Pack 1 SJ Web Edition


---------------------
; Table of Contents ;
---------------------
  1. Legal Notice
  2. Analysis & Synthesis Summary
  3. Analysis & Synthesis Settings
  4. Parallel Compilation
  5. Analysis & Synthesis Source Files Read
  6. Analysis & Synthesis Resource Usage Summary
  7. Analysis & Synthesis Resource Utilization by Entity
  8. State Machine - |elevator_simulator|elevator_control_push_btns:md_elv_control|prev_what_button
  9. State Machine - |elevator_simulator|elevator_control_push_btns:md_elv_control|destination_reg
 10. State Machine - |elevator_simulator|elevator_control_push_btns:md_elv_control|current_reg
 11. State Machine - |elevator_simulator|draw_elevator_text_lcd:md_elv_draw|lcd_mode
 12. User-Specified and Inferred Latches
 13. Registers Removed During Synthesis
 14. Removed Registers Triggering Further Register Optimizations
 15. General Register Statistics
 16. Inverted Register Statistics
 17. Multiplexer Restructuring Statistics (Restructuring Performed)
 18. Elapsed Time Per Partition
 19. Analysis & Synthesis Messages
 20. Analysis & Synthesis Suppressed Messages



----------------
; Legal Notice ;
----------------
Copyright (C) 1991-2013 Altera Corporation
Your use of Altera Corporation's design tools, logic functions 
and other software and tools, and its AMPP partner logic 
functions, and any output files from any of the foregoing 
(including device programming or simulation files), and any 
associated documentation or information are expressly subject 
to the terms and conditions of the Altera Program License 
Subscription Agreement, Altera MegaCore Function License 
Agreement, or other applicable license agreement, including, 
without limitation, that your use is for the sole purpose of 
programming logic devices manufactured by Altera and sold by 
Altera or its authorized distributors.  Please refer to the 
applicable agreement for further details.



+--------------------------------------------------------------------------------------+
; Analysis & Synthesis Summary                                                         ;
+------------------------------------+-------------------------------------------------+
; Analysis & Synthesis Status        ; Successful - Fri Jun 20 03:23:59 2014           ;
; Quartus II 64-Bit Version          ; 13.0.1 Build 232 06/12/2013 SP 1 SJ Web Edition ;
; Revision Name                      ; elevator_simulator                              ;
; Top-level Entity Name              ; elevator_simulator                              ;
; Family                             ; Cyclone II                                      ;
; Total logic elements               ; 535                                             ;
;     Total combinational functions  ; 511                                             ;
;     Dedicated logic registers      ; 249                                             ;
; Total registers                    ; 249                                             ;
; Total pins                         ; 66                                              ;
; Total virtual pins                 ; 0                                               ;
; Total memory bits                  ; 0                                               ;
; Embedded Multiplier 9-bit elements ; 0                                               ;
; Total PLLs                         ; 0                                               ;
+------------------------------------+-------------------------------------------------+


+----------------------------------------------------------------------------------------------------------------------+
; Analysis & Synthesis Settings                                                                                        ;
+----------------------------------------------------------------------------+--------------------+--------------------+
; Option                                                                     ; Setting            ; Default Value      ;
+----------------------------------------------------------------------------+--------------------+--------------------+
; Device                                                                     ; EP2C50F672C8       ;                    ;
; Top-level entity name                                                      ; elevator_simulator ; elevator_simulator ;
; Family name                                                                ; Cyclone II         ; Cyclone IV GX      ;
; Use smart compilation                                                      ; Off                ; Off                ;
; Enable parallel Assembler and TimeQuest Timing Analyzer during compilation ; On                 ; On                 ;
; Enable compact report table                                                ; Off                ; Off                ;
; Restructure Multiplexers                                                   ; Auto               ; Auto               ;
; Create Debugging Nodes for IP Cores                                        ; Off                ; Off                ;
; Preserve fewer node names                                                  ; On                 ; On                 ;
; Disable OpenCore Plus hardware evaluation                                  ; Off                ; Off                ;
; Verilog Version                                                            ; Verilog_2001       ; Verilog_2001       ;
; VHDL Version                                                               ; VHDL_1993          ; VHDL_1993          ;
; State Machine Processing                                                   ; Auto               ; Auto               ;
; Safe State Machine                                                         ; Off                ; Off                ;
; Extract Verilog State Machines                                             ; On                 ; On                 ;
; Extract VHDL State Machines                                                ; On                 ; On                 ;
; Ignore Verilog initial constructs                                          ; Off                ; Off                ;
; Iteration limit for constant Verilog loops                                 ; 5000               ; 5000               ;
; Iteration limit for non-constant Verilog loops                             ; 250                ; 250                ;
; Add Pass-Through Logic to Inferred RAMs                                    ; On                 ; On                 ;
; Infer RAMs from Raw Logic                                                  ; On                 ; On                 ;
; Parallel Synthesis                                                         ; On                 ; On                 ;
; DSP Block Balancing                                                        ; Auto               ; Auto               ;
; NOT Gate Push-Back                                                         ; On                 ; On                 ;
; Power-Up Don't Care                                                        ; On                 ; On                 ;
; Remove Redundant Logic Cells                                               ; Off                ; Off                ;
; Remove Duplicate Registers                                                 ; On                 ; On                 ;
; Ignore CARRY Buffers                                                       ; Off                ; Off                ;
; Ignore CASCADE Buffers                                                     ; Off                ; Off                ;
; Ignore GLOBAL Buffers                                                      ; Off                ; Off                ;
; Ignore ROW GLOBAL Buffers                                                  ; Off                ; Off                ;
; Ignore LCELL Buffers                                                       ; Off                ; Off                ;
; Ignore SOFT Buffers                                                        ; On                 ; On                 ;
; Limit AHDL Integers to 32 Bits                                             ; Off                ; Off                ;
; Optimization Technique                                                     ; Balanced           ; Balanced           ;
; Carry Chain Length                                                         ; 70                 ; 70                 ;
; Auto Carry Chains                                                          ; On                 ; On                 ;
; Auto Open-Drain Pins                                                       ; On                 ; On                 ;
; Perform WYSIWYG Primitive Resynthesis                                      ; Off                ; Off                ;
; Auto ROM Replacement                                                       ; On                 ; On                 ;
; Auto RAM Replacement                                                       ; On                 ; On                 ;
; Auto Shift Register Replacement                                            ; Auto               ; Auto               ;
; Allow Shift Register Merging across Hierarchies                            ; Auto               ; Auto               ;
; Auto Clock Enable Replacement                                              ; On                 ; On                 ;
; Strict RAM Replacement                                                     ; Off                ; Off                ;
; Allow Synchronous Control Signals                                          ; On                 ; On                 ;
; Force Use of Synchronous Clear Signals                                     ; Off                ; Off                ;
; Auto RAM to Logic Cell Conversion                                          ; Off                ; Off                ;
; Auto Resource Sharing                                                      ; Off                ; Off                ;
; Allow Any RAM Size For Recognition                                         ; Off                ; Off                ;
; Allow Any ROM Size For Recognition                                         ; Off                ; Off                ;
; Allow Any Shift Register Size For Recognition                              ; Off                ; Off                ;
; Use LogicLock Constraints during Resource Balancing                        ; On                 ; On                 ;
; Ignore translate_off and synthesis_off directives                          ; Off                ; Off                ;
; Timing-Driven Synthesis                                                    ; Off                ; Off                ;
; Report Parameter Settings                                                  ; On                 ; On                 ;
; Report Source Assignments                                                  ; On                 ; On                 ;
; Report Connectivity Checks                                                 ; On                 ; On                 ;
; Ignore Maximum Fan-Out Assignments                                         ; Off                ; Off                ;
; Synchronization Register Chain Length                                      ; 2                  ; 2                  ;
; PowerPlay Power Optimization                                               ; Normal compilation ; Normal compilation ;
; HDL message level                                                          ; Level2             ; Level2             ;
; Suppress Register Optimization Related Messages                            ; Off                ; Off                ;
; Number of Removed Registers Reported in Synthesis Report                   ; 5000               ; 5000               ;
; Number of Swept Nodes Reported in Synthesis Report                         ; 5000               ; 5000               ;
; Number of Inverted Registers Reported in Synthesis Report                  ; 100                ; 100                ;
; Clock MUX Protection                                                       ; On                 ; On                 ;
; Auto Gated Clock Conversion                                                ; Off                ; Off                ;
; Block Design Naming                                                        ; Auto               ; Auto               ;
; SDC constraint protection                                                  ; Off                ; Off                ;
; Synthesis Effort                                                           ; Auto               ; Auto               ;
; Shift Register Replacement - Allow Asynchronous Clear Signal               ; On                 ; On                 ;
; Pre-Mapping Resynthesis Optimization                                       ; Off                ; Off                ;
; Analysis & Synthesis Message Level                                         ; Medium             ; Medium             ;
; Disable Register Merging Across Hierarchies                                ; Auto               ; Auto               ;
; Resource Aware Inference For Block RAM                                     ; On                 ; On                 ;
; Synthesis Seed                                                             ; 1                  ; 1                  ;
+----------------------------------------------------------------------------+--------------------+--------------------+


Parallel compilation was disabled, but you have multiple processors available. Enable parallel compilation to reduce compilation time.
+-------------------------------------+
; Parallel Compilation                ;
+----------------------------+--------+
; Processors                 ; Number ;
+----------------------------+--------+
; Number detected on machine ; 4      ;
; Maximum allowed            ; 1      ;
+----------------------------+--------+


+-------------------------------------------------------------------------------------------------------------------------------------------------+
; Analysis & Synthesis Source Files Read                                                                                                          ;
+----------------------------------+-----------------+------------------------+---------------------------------------------------------+---------+
; File Name with User-Entered Path ; Used in Netlist ; File Type              ; File Name with Absolute Path                            ; Library ;
+----------------------------------+-----------------+------------------------+---------------------------------------------------------+---------+
; elevator_simulator.v             ; yes             ; User Verilog HDL File  ; C:/GitHub/ElevatorMoveTest/elevator_simulator.v         ;         ;
; floor_seven_segment.v            ; yes             ; User Verilog HDL File  ; C:/GitHub/ElevatorMoveTest/floor_seven_segment.v        ;         ;
; direction_state_dot_matrix.v     ; yes             ; User Verilog HDL File  ; C:/GitHub/ElevatorMoveTest/direction_state_dot_matrix.v ;         ;
; draw_elevator_text_lcd.v         ; yes             ; User Verilog HDL File  ; C:/GitHub/ElevatorMoveTest/draw_elevator_text_lcd.v     ;         ;
; spin_elevator_step_motor.v       ; yes             ; User Verilog HDL File  ; C:/GitHub/ElevatorMoveTest/spin_elevator_step_motor.v   ;         ;
; elevator_control_push_btns.v     ; yes             ; User Verilog HDL File  ; C:/GitHub/ElevatorMoveTest/elevator_control_push_btns.v ;         ;
+----------------------------------+-----------------+------------------------+---------------------------------------------------------+---------+


+------------------------------------------------------+
; Analysis & Synthesis Resource Usage Summary          ;
+---------------------------------------------+--------+
; Resource                                    ; Usage  ;
+---------------------------------------------+--------+
; Estimated Total logic elements              ; 535    ;
;                                             ;        ;
; Total combinational functions               ; 511    ;
; Logic element usage by number of LUT inputs ;        ;
;     -- 4 input functions                    ; 252    ;
;     -- 3 input functions                    ; 76     ;
;     -- <=2 input functions                  ; 183    ;
;                                             ;        ;
; Logic elements by mode                      ;        ;
;     -- normal mode                          ; 383    ;
;     -- arithmetic mode                      ; 128    ;
;                                             ;        ;
; Total registers                             ; 249    ;
;     -- Dedicated logic registers            ; 249    ;
;     -- I/O registers                        ; 0      ;
;                                             ;        ;
; I/O pins                                    ; 66     ;
; Embedded Multiplier 9-bit elements          ; 0      ;
; Maximum fan-out node                        ; clk_in ;
; Maximum fan-out                             ; 220    ;
; Total fan-out                               ; 2374   ;
; Average fan-out                             ; 2.87   ;
+---------------------------------------------+--------+


+-------------------------------------------------------------------------------------------------------------------------------------------------------------------------------------------------------------------------------------------------+
; Analysis & Synthesis Resource Utilization by Entity                                                                                                                                                                                             ;
+---------------------------------------------------+-------------------+--------------+-------------+--------------+---------+-----------+------+--------------+------------------------------------------------------------------+--------------+
; Compilation Hierarchy Node                        ; LC Combinationals ; LC Registers ; Memory Bits ; DSP Elements ; DSP 9x9 ; DSP 18x18 ; Pins ; Virtual Pins ; Full Hierarchy Name                                              ; Library Name ;
+---------------------------------------------------+-------------------+--------------+-------------+--------------+---------+-----------+------+--------------+------------------------------------------------------------------+--------------+
; |elevator_simulator                               ; 511 (1)           ; 249 (8)      ; 0           ; 0            ; 0       ; 0         ; 66   ; 0            ; |elevator_simulator                                              ; work         ;
;    |direction_state_dot_matrix:md_elv_directions| ; 105 (105)         ; 55 (55)      ; 0           ; 0            ; 0       ; 0         ; 0    ; 0            ; |elevator_simulator|direction_state_dot_matrix:md_elv_directions ; work         ;
;    |draw_elevator_text_lcd:md_elv_draw|           ; 184 (184)         ; 75 (75)      ; 0           ; 0            ; 0       ; 0         ; 0    ; 0            ; |elevator_simulator|draw_elevator_text_lcd:md_elv_draw           ; work         ;
;    |elevator_control_push_btns:md_elv_control|    ; 48 (48)           ; 30 (30)      ; 0           ; 0            ; 0       ; 0         ; 0    ; 0            ; |elevator_simulator|elevator_control_push_btns:md_elv_control    ; work         ;
;    |floor_seven_segment:md_elv_floors|            ; 112 (112)         ; 47 (47)      ; 0           ; 0            ; 0       ; 0         ; 0    ; 0            ; |elevator_simulator|floor_seven_segment:md_elv_floors            ; work         ;
;    |spin_elevator_step_motor:md_elv_spin|         ; 61 (61)           ; 34 (34)      ; 0           ; 0            ; 0       ; 0         ; 0    ; 0            ; |elevator_simulator|spin_elevator_step_motor:md_elv_spin         ; work         ;
+---------------------------------------------------+-------------------+--------------+-------------+--------------+---------+-----------+------+--------------+------------------------------------------------------------------+--------------+
Note: For table entries with two numbers listed, the numbers in parentheses indicate the number of resources of the given type used by the specific entity alone. The numbers listed outside of parentheses indicate the total resources of the given type used by the specific entity and all of its sub-entities in the hierarchy.


Encoding Type:  One-Hot
+----------------------------------------------------------------------------------------------------------------------------------------------------------------------------------------------------------------------------------------------------------------------------------+
; State Machine - |elevator_simulator|elevator_control_push_btns:md_elv_control|prev_what_button                                                                                                                                                                                   ;
+------------------------+------------------------+------------------------+------------------------+------------------------+------------------------+------------------------+------------------------+------------------------+------------------------+------------------------+
; Name                   ; prev_what_button.01001 ; prev_what_button.01000 ; prev_what_button.00111 ; prev_what_button.00110 ; prev_what_button.00101 ; prev_what_button.00100 ; prev_what_button.00011 ; prev_what_button.00010 ; prev_what_button.00000 ; prev_what_button.00001 ;
+------------------------+------------------------+------------------------+------------------------+------------------------+------------------------+------------------------+------------------------+------------------------+------------------------+------------------------+
; prev_what_button.00001 ; 0                      ; 0                      ; 0                      ; 0                      ; 0                      ; 0                      ; 0                      ; 0                      ; 0                      ; 0                      ;
; prev_what_button.00000 ; 0                      ; 0                      ; 0                      ; 0                      ; 0                      ; 0                      ; 0                      ; 0                      ; 1                      ; 1                      ;
; prev_what_button.00010 ; 0                      ; 0                      ; 0                      ; 0                      ; 0                      ; 0                      ; 0                      ; 1                      ; 0                      ; 1                      ;
; prev_what_button.00011 ; 0                      ; 0                      ; 0                      ; 0                      ; 0                      ; 0                      ; 1                      ; 0                      ; 0                      ; 1                      ;
; prev_what_button.00100 ; 0                      ; 0                      ; 0                      ; 0                      ; 0                      ; 1                      ; 0                      ; 0                      ; 0                      ; 1                      ;
; prev_what_button.00101 ; 0                      ; 0                      ; 0                      ; 0                      ; 1                      ; 0                      ; 0                      ; 0                      ; 0                      ; 1                      ;
; prev_what_button.00110 ; 0                      ; 0                      ; 0                      ; 1                      ; 0                      ; 0                      ; 0                      ; 0                      ; 0                      ; 1                      ;
; prev_what_button.00111 ; 0                      ; 0                      ; 1                      ; 0                      ; 0                      ; 0                      ; 0                      ; 0                      ; 0                      ; 1                      ;
; prev_what_button.01000 ; 0                      ; 1                      ; 0                      ; 0                      ; 0                      ; 0                      ; 0                      ; 0                      ; 0                      ; 1                      ;
; prev_what_button.01001 ; 1                      ; 0                      ; 0                      ; 0                      ; 0                      ; 0                      ; 0                      ; 0                      ; 0                      ; 1                      ;
+------------------------+------------------------+------------------------+------------------------+------------------------+------------------------+------------------------+------------------------+------------------------+------------------------+------------------------+


Encoding Type:  One-Hot
+-----------------------------------------------------------------------------------------------------------------------------------------------------------------------------------------------------------------------------------------------------------------------+
; State Machine - |elevator_simulator|elevator_control_push_btns:md_elv_control|destination_reg                                                                                                                                                                         ;
+-----------------------+-----------------------+-----------------------+-----------------------+-----------------------+-----------------------+-----------------------+-----------------------+-----------------------+-----------------------+-----------------------+
; Name                  ; destination_reg.01001 ; destination_reg.01000 ; destination_reg.00111 ; destination_reg.00110 ; destination_reg.00101 ; destination_reg.00100 ; destination_reg.00011 ; destination_reg.00010 ; destination_reg.00001 ; destination_reg.00000 ;
+-----------------------+-----------------------+-----------------------+-----------------------+-----------------------+-----------------------+-----------------------+-----------------------+-----------------------+-----------------------+-----------------------+
; destination_reg.00000 ; 0                     ; 0                     ; 0                     ; 0                     ; 0                     ; 0                     ; 0                     ; 0                     ; 0                     ; 0                     ;
; destination_reg.00001 ; 0                     ; 0                     ; 0                     ; 0                     ; 0                     ; 0                     ; 0                     ; 0                     ; 1                     ; 1                     ;
; destination_reg.00010 ; 0                     ; 0                     ; 0                     ; 0                     ; 0                     ; 0                     ; 0                     ; 1                     ; 0                     ; 1                     ;
; destination_reg.00011 ; 0                     ; 0                     ; 0                     ; 0                     ; 0                     ; 0                     ; 1                     ; 0                     ; 0                     ; 1                     ;
; destination_reg.00100 ; 0                     ; 0                     ; 0                     ; 0                     ; 0                     ; 1                     ; 0                     ; 0                     ; 0                     ; 1                     ;
; destination_reg.00101 ; 0                     ; 0                     ; 0                     ; 0                     ; 1                     ; 0                     ; 0                     ; 0                     ; 0                     ; 1                     ;
; destination_reg.00110 ; 0                     ; 0                     ; 0                     ; 1                     ; 0                     ; 0                     ; 0                     ; 0                     ; 0                     ; 1                     ;
; destination_reg.00111 ; 0                     ; 0                     ; 1                     ; 0                     ; 0                     ; 0                     ; 0                     ; 0                     ; 0                     ; 1                     ;
; destination_reg.01000 ; 0                     ; 1                     ; 0                     ; 0                     ; 0                     ; 0                     ; 0                     ; 0                     ; 0                     ; 1                     ;
; destination_reg.01001 ; 1                     ; 0                     ; 0                     ; 0                     ; 0                     ; 0                     ; 0                     ; 0                     ; 0                     ; 1                     ;
+-----------------------+-----------------------+-----------------------+-----------------------+-----------------------+-----------------------+-----------------------+-----------------------+-----------------------+-----------------------+-----------------------+


Encoding Type:  One-Hot
+---------------------------------------------------------------------------------------------------------------------------------------------------------------------------------------------------------------------------+
; State Machine - |elevator_simulator|elevator_control_push_btns:md_elv_control|current_reg                                                                                                                                 ;
+-------------------+-------------------+-------------------+-------------------+-------------------+-------------------+-------------------+-------------------+-------------------+-------------------+-------------------+
; Name              ; current_reg.01001 ; current_reg.01000 ; current_reg.00111 ; current_reg.00110 ; current_reg.00101 ; current_reg.00100 ; current_reg.00011 ; current_reg.00010 ; current_reg.00001 ; current_reg.00000 ;
+-------------------+-------------------+-------------------+-------------------+-------------------+-------------------+-------------------+-------------------+-------------------+-------------------+-------------------+
; current_reg.00000 ; 0                 ; 0                 ; 0                 ; 0                 ; 0                 ; 0                 ; 0                 ; 0                 ; 0                 ; 0                 ;
; current_reg.00001 ; 0                 ; 0                 ; 0                 ; 0                 ; 0                 ; 0                 ; 0                 ; 0                 ; 1                 ; 1                 ;
; current_reg.00010 ; 0                 ; 0                 ; 0                 ; 0                 ; 0                 ; 0                 ; 0                 ; 1                 ; 0                 ; 1                 ;
; current_reg.00011 ; 0                 ; 0                 ; 0                 ; 0                 ; 0                 ; 0                 ; 1                 ; 0                 ; 0                 ; 1                 ;
; current_reg.00100 ; 0                 ; 0                 ; 0                 ; 0                 ; 0                 ; 1                 ; 0                 ; 0                 ; 0                 ; 1                 ;
; current_reg.00101 ; 0                 ; 0                 ; 0                 ; 0                 ; 1                 ; 0                 ; 0                 ; 0                 ; 0                 ; 1                 ;
; current_reg.00110 ; 0                 ; 0                 ; 0                 ; 1                 ; 0                 ; 0                 ; 0                 ; 0                 ; 0                 ; 1                 ;
; current_reg.00111 ; 0                 ; 0                 ; 1                 ; 0                 ; 0                 ; 0                 ; 0                 ; 0                 ; 0                 ; 1                 ;
; current_reg.01000 ; 0                 ; 1                 ; 0                 ; 0                 ; 0                 ; 0                 ; 0                 ; 0                 ; 0                 ; 1                 ;
; current_reg.01001 ; 1                 ; 0                 ; 0                 ; 0                 ; 0                 ; 0                 ; 0                 ; 0                 ; 0                 ; 1                 ;
+-------------------+-------------------+-------------------+-------------------+-------------------+-------------------+-------------------+-------------------+-------------------+-------------------+-------------------+


Encoding Type:  One-Hot
+---------------------------------------------------------------------------------------------------------------------------------------------------------------------------------------------------------------------------------------------+
; State Machine - |elevator_simulator|draw_elevator_text_lcd:md_elv_draw|lcd_mode                                                                                                                                                             ;
+----------------+----------------+----------------+----------------+----------------+----------------+----------------+----------------+----------------+----------------+----------------+----------------+----------------+----------------+
; Name           ; lcd_mode.01100 ; lcd_mode.01011 ; lcd_mode.01010 ; lcd_mode.01001 ; lcd_mode.01000 ; lcd_mode.00111 ; lcd_mode.00110 ; lcd_mode.00101 ; lcd_mode.00100 ; lcd_mode.00011 ; lcd_mode.00010 ; lcd_mode.00001 ; lcd_mode.00000 ;
+----------------+----------------+----------------+----------------+----------------+----------------+----------------+----------------+----------------+----------------+----------------+----------------+----------------+----------------+
; lcd_mode.00000 ; 0              ; 0              ; 0              ; 0              ; 0              ; 0              ; 0              ; 0              ; 0              ; 0              ; 0              ; 0              ; 0              ;
; lcd_mode.00001 ; 0              ; 0              ; 0              ; 0              ; 0              ; 0              ; 0              ; 0              ; 0              ; 0              ; 0              ; 1              ; 1              ;
; lcd_mode.00010 ; 0              ; 0              ; 0              ; 0              ; 0              ; 0              ; 0              ; 0              ; 0              ; 0              ; 1              ; 0              ; 1              ;
; lcd_mode.00011 ; 0              ; 0              ; 0              ; 0              ; 0              ; 0              ; 0              ; 0              ; 0              ; 1              ; 0              ; 0              ; 1              ;
; lcd_mode.00100 ; 0              ; 0              ; 0              ; 0              ; 0              ; 0              ; 0              ; 0              ; 1              ; 0              ; 0              ; 0              ; 1              ;
; lcd_mode.00101 ; 0              ; 0              ; 0              ; 0              ; 0              ; 0              ; 0              ; 1              ; 0              ; 0              ; 0              ; 0              ; 1              ;
; lcd_mode.00110 ; 0              ; 0              ; 0              ; 0              ; 0              ; 0              ; 1              ; 0              ; 0              ; 0              ; 0              ; 0              ; 1              ;
; lcd_mode.00111 ; 0              ; 0              ; 0              ; 0              ; 0              ; 1              ; 0              ; 0              ; 0              ; 0              ; 0              ; 0              ; 1              ;
; lcd_mode.01000 ; 0              ; 0              ; 0              ; 0              ; 1              ; 0              ; 0              ; 0              ; 0              ; 0              ; 0              ; 0              ; 1              ;
; lcd_mode.01001 ; 0              ; 0              ; 0              ; 1              ; 0              ; 0              ; 0              ; 0              ; 0              ; 0              ; 0              ; 0              ; 1              ;
; lcd_mode.01010 ; 0              ; 0              ; 1              ; 0              ; 0              ; 0              ; 0              ; 0              ; 0              ; 0              ; 0              ; 0              ; 1              ;
; lcd_mode.01011 ; 0              ; 1              ; 0              ; 0              ; 0              ; 0              ; 0              ; 0              ; 0              ; 0              ; 0              ; 0              ; 1              ;
; lcd_mode.01100 ; 1              ; 0              ; 0              ; 0              ; 0              ; 0              ; 0              ; 0              ; 0              ; 0              ; 0              ; 0              ; 1              ;
+----------------+----------------+----------------+----------------+----------------+----------------+----------------+----------------+----------------+----------------+----------------+----------------+----------------+----------------+


+------------------------------------------------------------------------------------------------------------------------------+
; User-Specified and Inferred Latches                                                                                          ;
+----------------------------------------------------+------------------------------------------------+------------------------+
; Latch Name                                         ; Latch Enable Signal                            ; Free of Timing Hazards ;
+----------------------------------------------------+------------------------------------------------+------------------------+
; draw_elevator_text_lcd:md_elv_draw|set_data[9]     ; draw_elevator_text_lcd:md_elv_draw|Selector139 ; yes                    ;
; draw_elevator_text_lcd:md_elv_draw|set_data[0]     ; draw_elevator_text_lcd:md_elv_draw|Selector161 ; yes                    ;
; draw_elevator_text_lcd:md_elv_draw|set_data[1]     ; draw_elevator_text_lcd:md_elv_draw|Selector161 ; yes                    ;
; draw_elevator_text_lcd:md_elv_draw|set_data[2]     ; draw_elevator_text_lcd:md_elv_draw|Selector161 ; yes                    ;
; draw_elevator_text_lcd:md_elv_draw|set_data[3]     ; draw_elevator_text_lcd:md_elv_draw|Selector161 ; yes                    ;
; draw_elevator_text_lcd:md_elv_draw|set_data[4]     ; draw_elevator_text_lcd:md_elv_draw|Selector161 ; yes                    ;
; draw_elevator_text_lcd:md_elv_draw|set_data[5]     ; draw_elevator_text_lcd:md_elv_draw|Selector161 ; yes                    ;
; draw_elevator_text_lcd:md_elv_draw|set_data[6]     ; draw_elevator_text_lcd:md_elv_draw|Selector161 ; yes                    ;
; draw_elevator_text_lcd:md_elv_draw|set_data[7]     ; draw_elevator_text_lcd:md_elv_draw|Selector161 ; yes                    ;
; Number of user-specified and inferred latches = 9  ;                                                ;                        ;
+----------------------------------------------------+------------------------------------------------+------------------------+
Note: All latches listed above may not be present at the end of synthesis due to various synthesis optimizations.


+----------------------------------------------------------------------------------------------------------------------------------------------------+
; Registers Removed During Synthesis                                                                                                                 ;
+--------------------------------------------------------------------------+-------------------------------------------------------------------------+
; Register name                                                            ; Reason for Removal                                                      ;
+--------------------------------------------------------------------------+-------------------------------------------------------------------------+
; elv1_floor[4]                                                            ; Stuck at GND due to stuck port data_in                                  ;
; elv2_floor[4]                                                            ; Stuck at GND due to stuck port data_in                                  ;
; draw_elevator_text_lcd:md_elv_draw|reg_e[0..4,6..12,14..20,22..28,30,31] ; Stuck at GND due to stuck port data_in                                  ;
; draw_elevator_text_lcd:md_elv_draw|reg_a[0..4,6..12,14..20,22..28,30,31] ; Stuck at GND due to stuck port data_in                                  ;
; elv1_dir[0,1]                                                            ; Stuck at GND due to stuck port data_in                                  ;
; elv2_dir[1]                                                              ; Stuck at GND due to stuck port data_in                                  ;
; elv2_dir[0]                                                              ; Stuck at VCC due to stuck port data_in                                  ;
; cnt2[1..6]                                                               ; Lost fanout                                                             ;
; clk_out                                                                  ; Lost fanout                                                             ;
; cnt[0..7]                                                                ; Lost fanout                                                             ;
; cnt2[0]                                                                  ; Lost fanout                                                             ;
; clk_out2                                                                 ; Lost fanout                                                             ;
; cnt2[7..32]                                                              ; Lost fanout                                                             ;
; cnt[8..32]                                                               ; Lost fanout                                                             ;
; draw_elevator_text_lcd:md_elv_draw|reg_a[29]                             ; Merged with draw_elevator_text_lcd:md_elv_draw|reg_a[21]                ;
; draw_elevator_text_lcd:md_elv_draw|reg_a[21]                             ; Merged with draw_elevator_text_lcd:md_elv_draw|reg_a[13]                ;
; draw_elevator_text_lcd:md_elv_draw|reg_a[13]                             ; Merged with draw_elevator_text_lcd:md_elv_draw|reg_a[5]                 ;
; draw_elevator_text_lcd:md_elv_draw|reg_a[5]                              ; Merged with draw_elevator_text_lcd:md_elv_draw|reg_e[29]                ;
; draw_elevator_text_lcd:md_elv_draw|reg_e[29]                             ; Merged with draw_elevator_text_lcd:md_elv_draw|reg_e[21]                ;
; draw_elevator_text_lcd:md_elv_draw|reg_e[21]                             ; Merged with draw_elevator_text_lcd:md_elv_draw|reg_e[13]                ;
; draw_elevator_text_lcd:md_elv_draw|reg_e[13]                             ; Merged with draw_elevator_text_lcd:md_elv_draw|reg_e[5]                 ;
; draw_elevator_text_lcd:md_elv_draw|reg_f[13,21]                          ; Merged with draw_elevator_text_lcd:md_elv_draw|reg_h[5]                 ;
; draw_elevator_text_lcd:md_elv_draw|reg_h[13,21,29]                       ; Merged with draw_elevator_text_lcd:md_elv_draw|reg_h[5]                 ;
; draw_elevator_text_lcd:md_elv_draw|reg_f[29]                             ; Merged with draw_elevator_text_lcd:md_elv_draw|reg_h[5]                 ;
; draw_elevator_text_lcd:md_elv_draw|reg_g[5,13,21,29]                     ; Merged with draw_elevator_text_lcd:md_elv_draw|reg_h[5]                 ;
; draw_elevator_text_lcd:md_elv_draw|reg_f[5]                              ; Merged with draw_elevator_text_lcd:md_elv_draw|reg_h[5]                 ;
; draw_elevator_text_lcd:md_elv_draw|reg_f[9..12,14..20,22..28,30,31]      ; Merged with draw_elevator_text_lcd:md_elv_draw|reg_f[8]                 ;
; draw_elevator_text_lcd:md_elv_draw|reg_b[5,13,21,29]                     ; Merged with draw_elevator_text_lcd:md_elv_draw|reg_d[5]                 ;
; draw_elevator_text_lcd:md_elv_draw|reg_d[13,21,29]                       ; Merged with draw_elevator_text_lcd:md_elv_draw|reg_d[5]                 ;
; draw_elevator_text_lcd:md_elv_draw|reg_c[5,13,21,29]                     ; Merged with draw_elevator_text_lcd:md_elv_draw|reg_d[5]                 ;
; draw_elevator_text_lcd:md_elv_draw|reg_b[9..12,14..20,22..28,30,31]      ; Merged with draw_elevator_text_lcd:md_elv_draw|reg_b[8]                 ;
; draw_elevator_text_lcd:md_elv_draw|reg_h[1..4,6,7]                       ; Merged with draw_elevator_text_lcd:md_elv_draw|reg_h[0]                 ;
; draw_elevator_text_lcd:md_elv_draw|reg_h[8,9,11,12,14,15]                ; Merged with draw_elevator_text_lcd:md_elv_draw|reg_h[10]                ;
; draw_elevator_text_lcd:md_elv_draw|reg_h[17..20,22,23]                   ; Merged with draw_elevator_text_lcd:md_elv_draw|reg_h[16]                ;
; draw_elevator_text_lcd:md_elv_draw|reg_h[25..28,30,31]                   ; Merged with draw_elevator_text_lcd:md_elv_draw|reg_h[24]                ;
; draw_elevator_text_lcd:md_elv_draw|reg_g[1..4,6,7]                       ; Merged with draw_elevator_text_lcd:md_elv_draw|reg_g[0]                 ;
; draw_elevator_text_lcd:md_elv_draw|reg_g[8,9,11,12,14,15]                ; Merged with draw_elevator_text_lcd:md_elv_draw|reg_g[10]                ;
; draw_elevator_text_lcd:md_elv_draw|reg_g[17..20,22,23]                   ; Merged with draw_elevator_text_lcd:md_elv_draw|reg_g[16]                ;
; draw_elevator_text_lcd:md_elv_draw|reg_g[25..28,30,31]                   ; Merged with draw_elevator_text_lcd:md_elv_draw|reg_g[24]                ;
; draw_elevator_text_lcd:md_elv_draw|reg_f[1..4,6,7]                       ; Merged with draw_elevator_text_lcd:md_elv_draw|reg_f[0]                 ;
; draw_elevator_text_lcd:md_elv_draw|reg_d[1..4,6,7]                       ; Merged with draw_elevator_text_lcd:md_elv_draw|reg_d[0]                 ;
; draw_elevator_text_lcd:md_elv_draw|reg_d[8,9,11,12,14,15]                ; Merged with draw_elevator_text_lcd:md_elv_draw|reg_d[10]                ;
; draw_elevator_text_lcd:md_elv_draw|reg_d[17..20,22,23]                   ; Merged with draw_elevator_text_lcd:md_elv_draw|reg_d[16]                ;
; draw_elevator_text_lcd:md_elv_draw|reg_d[25..28,30,31]                   ; Merged with draw_elevator_text_lcd:md_elv_draw|reg_d[24]                ;
; draw_elevator_text_lcd:md_elv_draw|reg_c[1..4,6,7]                       ; Merged with draw_elevator_text_lcd:md_elv_draw|reg_c[0]                 ;
; draw_elevator_text_lcd:md_elv_draw|reg_c[8,9,11,12,14,15]                ; Merged with draw_elevator_text_lcd:md_elv_draw|reg_c[10]                ;
; draw_elevator_text_lcd:md_elv_draw|reg_c[17..20,22,23]                   ; Merged with draw_elevator_text_lcd:md_elv_draw|reg_c[16]                ;
; draw_elevator_text_lcd:md_elv_draw|reg_c[25..28,30,31]                   ; Merged with draw_elevator_text_lcd:md_elv_draw|reg_c[24]                ;
; draw_elevator_text_lcd:md_elv_draw|reg_b[1..4,6,7]                       ; Merged with draw_elevator_text_lcd:md_elv_draw|reg_b[0]                 ;
; direction_state_dot_matrix:md_elv_directions|dot_raw_reg[4..9,13]        ; Merged with direction_state_dot_matrix:md_elv_directions|dot_raw_reg[0] ;
; draw_elevator_text_lcd:md_elv_draw|reg_f[8]                              ; Stuck at GND due to stuck port data_in                                  ;
; draw_elevator_text_lcd:md_elv_draw|reg_b[8]                              ; Stuck at GND due to stuck port data_in                                  ;
; elevator_control_push_btns:md_elv_control|prev_what_button~2             ; Lost fanout                                                             ;
; elevator_control_push_btns:md_elv_control|prev_what_button~3             ; Lost fanout                                                             ;
; elevator_control_push_btns:md_elv_control|prev_what_button~4             ; Lost fanout                                                             ;
; elevator_control_push_btns:md_elv_control|prev_what_button~5             ; Lost fanout                                                             ;
; elevator_control_push_btns:md_elv_control|prev_what_button~6             ; Lost fanout                                                             ;
; elevator_control_push_btns:md_elv_control|destination_reg~3              ; Lost fanout                                                             ;
; elevator_control_push_btns:md_elv_control|destination_reg~4              ; Lost fanout                                                             ;
; elevator_control_push_btns:md_elv_control|destination_reg~5              ; Lost fanout                                                             ;
; elevator_control_push_btns:md_elv_control|destination_reg~6              ; Lost fanout                                                             ;
; elevator_control_push_btns:md_elv_control|destination_reg~7              ; Lost fanout                                                             ;
; elevator_control_push_btns:md_elv_control|current_reg~3                  ; Lost fanout                                                             ;
; elevator_control_push_btns:md_elv_control|current_reg~4                  ; Lost fanout                                                             ;
; elevator_control_push_btns:md_elv_control|current_reg~5                  ; Lost fanout                                                             ;
; elevator_control_push_btns:md_elv_control|current_reg~6                  ; Lost fanout                                                             ;
; elevator_control_push_btns:md_elv_control|current_reg~7                  ; Lost fanout                                                             ;
; draw_elevator_text_lcd:md_elv_draw|lcd_mode~2                            ; Lost fanout                                                             ;
; draw_elevator_text_lcd:md_elv_draw|lcd_mode~3                            ; Lost fanout                                                             ;
; draw_elevator_text_lcd:md_elv_draw|lcd_mode~4                            ; Lost fanout                                                             ;
; draw_elevator_text_lcd:md_elv_draw|lcd_mode~5                            ; Lost fanout                                                             ;
; draw_elevator_text_lcd:md_elv_draw|lcd_mode~6                            ; Lost fanout                                                             ;
; elevator_control_push_btns:md_elv_control|destination_reg.00001          ; Lost fanout                                                             ;
; elevator_control_push_btns:md_elv_control|current_reg.00001              ; Lost fanout                                                             ;
; Total Number of Removed Registers = 338                                  ;                                                                         ;
+--------------------------------------------------------------------------+-------------------------------------------------------------------------+


+------------------------------------------------------------------------------------+
; Removed Registers Triggering Further Register Optimizations                        ;
+---------------+---------------------------+----------------------------------------+
; Register name ; Reason for Removal        ; Registers Removed due to This Register ;
+---------------+---------------------------+----------------------------------------+
; cnt2[6]       ; Lost Fanouts              ; clk_out, cnt2[7], cnt2[8], cnt2[9]     ;
; elv1_dir[1]   ; Stuck at GND              ; clk_out2                               ;
;               ; due to stuck port data_in ;                                        ;
+---------------+---------------------------+----------------------------------------+


+------------------------------------------------------+
; General Register Statistics                          ;
+----------------------------------------------+-------+
; Statistic                                    ; Value ;
+----------------------------------------------+-------+
; Total registers                              ; 249   ;
; Number of registers using Synchronous Clear  ; 66    ;
; Number of registers using Synchronous Load   ; 30    ;
; Number of registers using Asynchronous Clear ; 0     ;
; Number of registers using Asynchronous Load  ; 0     ;
; Number of registers using Clock Enable       ; 113   ;
; Number of registers using Preset             ; 0     ;
+----------------------------------------------+-------+


+----------------------------------------------------------------+
; Inverted Register Statistics                                   ;
+------------------------------------------------------+---------+
; Inverted Register                                    ; Fan out ;
+------------------------------------------------------+---------+
; elv1_floor[0]                                        ; 11      ;
; elv1_floor[3]                                        ; 12      ;
; elv2_floor[0]                                        ; 11      ;
; spin_elevator_step_motor:md_elv_spin|motor_count[17] ; 2       ;
; spin_elevator_step_motor:md_elv_spin|motor_count[18] ; 3       ;
; spin_elevator_step_motor:md_elv_spin|motor_count[15] ; 4       ;
; spin_elevator_step_motor:md_elv_spin|motor_count[13] ; 4       ;
; spin_elevator_step_motor:md_elv_spin|motor_count[9]  ; 3       ;
; spin_elevator_step_motor:md_elv_spin|motor_count[19] ; 3       ;
; spin_elevator_step_motor:md_elv_spin|motor_count[10] ; 3       ;
; Total number of inverted registers = 10              ;         ;
+------------------------------------------------------+---------+


+-------------------------------------------------------------------------------------------------------------------------------------------------------------------------------------------------+
; Multiplexer Restructuring Statistics (Restructuring Performed)                                                                                                                                  ;
+--------------------+-----------+---------------+----------------------+------------------------+------------+-----------------------------------------------------------------------------------+
; Multiplexer Inputs ; Bus Width ; Baseline Area ; Area if Restructured ; Saving if Restructured ; Registered ; Example Multiplexer Output                                                        ;
+--------------------+-----------+---------------+----------------------+------------------------+------------+-----------------------------------------------------------------------------------+
; 3:1                ; 4 bits    ; 8 LEs         ; 4 LEs                ; 4 LEs                  ; Yes        ; |elevator_simulator|direction_state_dot_matrix:md_elv_directions|dot_clk_count[3] ;
; 3:1                ; 24 bits   ; 48 LEs        ; 24 LEs               ; 24 LEs                 ; Yes        ; |elevator_simulator|draw_elevator_text_lcd:md_elv_draw|delay_lcdclk[23]           ;
; 4:1                ; 33 bits   ; 66 LEs        ; 33 LEs               ; 33 LEs                 ; Yes        ; |elevator_simulator|direction_state_dot_matrix:md_elv_directions|cnt[12]          ;
; 4:1                ; 16 bits   ; 32 LEs        ; 32 LEs               ; 0 LEs                  ; Yes        ; |elevator_simulator|draw_elevator_text_lcd:md_elv_draw|count_lcd[0]               ;
; 16:1               ; 17 bits   ; 170 LEs       ; 102 LEs              ; 68 LEs                 ; Yes        ; |elevator_simulator|direction_state_dot_matrix:md_elv_directions|dot_raw_reg[0]   ;
; 5:1                ; 4 bits    ; 12 LEs        ; 8 LEs                ; 4 LEs                  ; Yes        ; |elevator_simulator|spin_elevator_step_motor:md_elv_spin|motor_out[3]             ;
; 17:1               ; 9 bits    ; 99 LEs        ; 54 LEs               ; 45 LEs                 ; Yes        ; |elevator_simulator|draw_elevator_text_lcd:md_elv_draw|reg_c[24]                  ;
; 17:1               ; 9 bits    ; 99 LEs        ; 54 LEs               ; 45 LEs                 ; Yes        ; |elevator_simulator|draw_elevator_text_lcd:md_elv_draw|reg_g[24]                  ;
; 34:1               ; 7 bits    ; 154 LEs       ; 42 LEs               ; 112 LEs                ; Yes        ; |elevator_simulator|floor_seven_segment:md_elv_floors|segout_tmp[2]               ;
; 3:1                ; 16 bits   ; 32 LEs        ; 32 LEs               ; 0 LEs                  ; No         ; |elevator_simulator|floor_seven_segment:md_elv_floors|com_cnt                     ;
; 3:1                ; 10 bits   ; 20 LEs        ; 10 LEs               ; 10 LEs                 ; No         ; |elevator_simulator|elevator_control_push_btns:md_elv_control|current_reg         ;
; 3:1                ; 10 bits   ; 20 LEs        ; 10 LEs               ; 10 LEs                 ; No         ; |elevator_simulator|elevator_control_push_btns:md_elv_control|destination_reg     ;
; 9:1                ; 2 bits    ; 12 LEs        ; 2 LEs                ; 10 LEs                 ; No         ; |elevator_simulator|elevator_control_push_btns:md_elv_control|__what_button.01001 ;
+--------------------+-----------+---------------+----------------------+------------------------+------------+-----------------------------------------------------------------------------------+


+-------------------------------+
; Elapsed Time Per Partition    ;
+----------------+--------------+
; Partition Name ; Elapsed Time ;
+----------------+--------------+
; Top            ; 00:00:01     ;
+----------------+--------------+


+-------------------------------+
; Analysis & Synthesis Messages ;
+-------------------------------+
Info: *******************************************************************
Info: Running Quartus II 64-Bit Analysis & Synthesis
    Info: Version 13.0.1 Build 232 06/12/2013 Service Pack 1 SJ Web Edition
    Info: Processing started: Fri Jun 20 03:23:57 2014
Info: Command: quartus_map --read_settings_files=on --write_settings_files=off elevator_simulator -c elevator_simulator
Warning (20028): Parallel compilation is not licensed and has been disabled
Warning (10335): Unrecognized synthesis attribute "tool" at elevator_simulator.v(12)
Info (12021): Found 1 design units, including 1 entities, in source file elevator_simulator.v
    Info (12023): Found entity 1: elevator_simulator
Info (12021): Found 1 design units, including 1 entities, in source file floor_seven_segment.v
    Info (12023): Found entity 1: floor_seven_segment
Info (12021): Found 1 design units, including 1 entities, in source file direction_state_dot_matrix.v
    Info (12023): Found entity 1: direction_state_dot_matrix
Info (12021): Found 1 design units, including 1 entities, in source file draw_elevator_text_lcd.v
    Info (12023): Found entity 1: draw_elevator_text_lcd
Info (12021): Found 1 design units, including 1 entities, in source file spin_elevator_step_motor.v
    Info (12023): Found entity 1: spin_elevator_step_motor
Info (12021): Found 1 design units, including 1 entities, in source file elevator_control_push_btns.v
    Info (12023): Found entity 1: elevator_control_push_btns
Info (12127): Elaborating entity "elevator_simulator" for the top level hierarchy
Warning (10036): Verilog HDL or VHDL warning at elevator_simulator.v(61): object "elv_count" assigned a value but never read
Info (12128): Elaborating entity "floor_seven_segment" for hierarchy "floor_seven_segment:md_elv_floors"
Warning (10230): Verilog HDL assignment warning at floor_seven_segment.v(46): truncated value with size 32 to match size of target (16)
Warning (10230): Verilog HDL assignment warning at floor_seven_segment.v(51): truncated value with size 32 to match size of target (15)
Info (12128): Elaborating entity "direction_state_dot_matrix" for hierarchy "direction_state_dot_matrix:md_elv_directions"
Info (12128): Elaborating entity "draw_elevator_text_lcd" for hierarchy "draw_elevator_text_lcd:md_elv_draw"
Warning (10036): Verilog HDL or VHDL warning at draw_elevator_text_lcd.v(29): object "reg_i" assigned a value but never read
Warning (10036): Verilog HDL or VHDL warning at draw_elevator_text_lcd.v(30): object "reg_j" assigned a value but never read
Warning (10230): Verilog HDL assignment warning at draw_elevator_text_lcd.v(178): truncated value with size 32 to match size of target (24)
Warning (10230): Verilog HDL assignment warning at draw_elevator_text_lcd.v(185): truncated value with size 32 to match size of target (16)
Warning (10235): Verilog HDL Always Construct warning at draw_elevator_text_lcd.v(251): variable "resetn" is read inside the Always Construct but isn't in the Always Construct's Event Control
Warning (10235): Verilog HDL Always Construct warning at draw_elevator_text_lcd.v(256): variable "mode_pwron" is read inside the Always Construct but isn't in the Always Construct's Event Control
Warning (10235): Verilog HDL Always Construct warning at draw_elevator_text_lcd.v(257): variable "mode_fnset" is read inside the Always Construct but isn't in the Always Construct's Event Control
Warning (10235): Verilog HDL Always Construct warning at draw_elevator_text_lcd.v(258): variable "mode_onoff" is read inside the Always Construct but isn't in the Always Construct's Event Control
Warning (10235): Verilog HDL Always Construct warning at draw_elevator_text_lcd.v(259): variable "mode_entr1" is read inside the Always Construct but isn't in the Always Construct's Event Control
Warning (10235): Verilog HDL Always Construct warning at draw_elevator_text_lcd.v(260): variable "mode_entr2" is read inside the Always Construct but isn't in the Always Construct's Event Control
Warning (10235): Verilog HDL Always Construct warning at draw_elevator_text_lcd.v(261): variable "mode_entr3" is read inside the Always Construct but isn't in the Always Construct's Event Control
Warning (10235): Verilog HDL Always Construct warning at draw_elevator_text_lcd.v(262): variable "mode_seta1" is read inside the Always Construct but isn't in the Always Construct's Event Control
Warning (10235): Verilog HDL Always Construct warning at draw_elevator_text_lcd.v(263): variable "mode_wr1st" is read inside the Always Construct but isn't in the Always Construct's Event Control
Warning (10235): Verilog HDL Always Construct warning at draw_elevator_text_lcd.v(266): variable "reg_a" is read inside the Always Construct but isn't in the Always Construct's Event Control
Warning (10235): Verilog HDL Always Construct warning at draw_elevator_text_lcd.v(267): variable "reg_a" is read inside the Always Construct but isn't in the Always Construct's Event Control
Warning (10235): Verilog HDL Always Construct warning at draw_elevator_text_lcd.v(268): variable "reg_a" is read inside the Always Construct but isn't in the Always Construct's Event Control
Warning (10235): Verilog HDL Always Construct warning at draw_elevator_text_lcd.v(269): variable "reg_a" is read inside the Always Construct but isn't in the Always Construct's Event Control
Warning (10235): Verilog HDL Always Construct warning at draw_elevator_text_lcd.v(270): variable "reg_b" is read inside the Always Construct but isn't in the Always Construct's Event Control
Warning (10235): Verilog HDL Always Construct warning at draw_elevator_text_lcd.v(271): variable "reg_b" is read inside the Always Construct but isn't in the Always Construct's Event Control
Warning (10235): Verilog HDL Always Construct warning at draw_elevator_text_lcd.v(272): variable "reg_b" is read inside the Always Construct but isn't in the Always Construct's Event Control
Warning (10235): Verilog HDL Always Construct warning at draw_elevator_text_lcd.v(273): variable "reg_b" is read inside the Always Construct but isn't in the Always Construct's Event Control
Warning (10235): Verilog HDL Always Construct warning at draw_elevator_text_lcd.v(274): variable "reg_c" is read inside the Always Construct but isn't in the Always Construct's Event Control
Warning (10235): Verilog HDL Always Construct warning at draw_elevator_text_lcd.v(275): variable "reg_c" is read inside the Always Construct but isn't in the Always Construct's Event Control
Warning (10235): Verilog HDL Always Construct warning at draw_elevator_text_lcd.v(276): variable "reg_c" is read inside the Always Construct but isn't in the Always Construct's Event Control
Warning (10235): Verilog HDL Always Construct warning at draw_elevator_text_lcd.v(277): variable "reg_c" is read inside the Always Construct but isn't in the Always Construct's Event Control
Warning (10235): Verilog HDL Always Construct warning at draw_elevator_text_lcd.v(278): variable "reg_d" is read inside the Always Construct but isn't in the Always Construct's Event Control
Warning (10235): Verilog HDL Always Construct warning at draw_elevator_text_lcd.v(279): variable "reg_d" is read inside the Always Construct but isn't in the Always Construct's Event Control
Warning (10235): Verilog HDL Always Construct warning at draw_elevator_text_lcd.v(280): variable "reg_d" is read inside the Always Construct but isn't in the Always Construct's Event Control
Warning (10235): Verilog HDL Always Construct warning at draw_elevator_text_lcd.v(281): variable "reg_d" is read inside the Always Construct but isn't in the Always Construct's Event Control
Warning (10270): Verilog HDL Case Statement warning at draw_elevator_text_lcd.v(265): incomplete case statement has no default case item
Warning (10235): Verilog HDL Always Construct warning at draw_elevator_text_lcd.v(285): variable "mode_seta2" is read inside the Always Construct but isn't in the Always Construct's Event Control
Warning (10235): Verilog HDL Always Construct warning at draw_elevator_text_lcd.v(286): variable "mode_wr2nd" is read inside the Always Construct but isn't in the Always Construct's Event Control
Warning (10235): Verilog HDL Always Construct warning at draw_elevator_text_lcd.v(289): variable "reg_e" is read inside the Always Construct but isn't in the Always Construct's Event Control
Warning (10235): Verilog HDL Always Construct warning at draw_elevator_text_lcd.v(290): variable "reg_e" is read inside the Always Construct but isn't in the Always Construct's Event Control
Warning (10235): Verilog HDL Always Construct warning at draw_elevator_text_lcd.v(291): variable "reg_e" is read inside the Always Construct but isn't in the Always Construct's Event Control
Warning (10235): Verilog HDL Always Construct warning at draw_elevator_text_lcd.v(292): variable "reg_e" is read inside the Always Construct but isn't in the Always Construct's Event Control
Warning (10235): Verilog HDL Always Construct warning at draw_elevator_text_lcd.v(293): variable "reg_f" is read inside the Always Construct but isn't in the Always Construct's Event Control
Warning (10235): Verilog HDL Always Construct warning at draw_elevator_text_lcd.v(294): variable "reg_f" is read inside the Always Construct but isn't in the Always Construct's Event Control
Warning (10235): Verilog HDL Always Construct warning at draw_elevator_text_lcd.v(295): variable "reg_f" is read inside the Always Construct but isn't in the Always Construct's Event Control
Warning (10235): Verilog HDL Always Construct warning at draw_elevator_text_lcd.v(296): variable "reg_f" is read inside the Always Construct but isn't in the Always Construct's Event Control
Warning (10235): Verilog HDL Always Construct warning at draw_elevator_text_lcd.v(297): variable "reg_g" is read inside the Always Construct but isn't in the Always Construct's Event Control
Warning (10235): Verilog HDL Always Construct warning at draw_elevator_text_lcd.v(298): variable "reg_g" is read inside the Always Construct but isn't in the Always Construct's Event Control
Warning (10235): Verilog HDL Always Construct warning at draw_elevator_text_lcd.v(299): variable "reg_g" is read inside the Always Construct but isn't in the Always Construct's Event Control
Warning (10235): Verilog HDL Always Construct warning at draw_elevator_text_lcd.v(300): variable "reg_g" is read inside the Always Construct but isn't in the Always Construct's Event Control
Warning (10235): Verilog HDL Always Construct warning at draw_elevator_text_lcd.v(301): variable "reg_h" is read inside the Always Construct but isn't in the Always Construct's Event Control
Warning (10235): Verilog HDL Always Construct warning at draw_elevator_text_lcd.v(302): variable "reg_h" is read inside the Always Construct but isn't in the Always Construct's Event Control
Warning (10235): Verilog HDL Always Construct warning at draw_elevator_text_lcd.v(303): variable "reg_h" is read inside the Always Construct but isn't in the Always Construct's Event Control
Warning (10235): Verilog HDL Always Construct warning at draw_elevator_text_lcd.v(304): variable "reg_h" is read inside the Always Construct but isn't in the Always Construct's Event Control
Warning (10270): Verilog HDL Case Statement warning at draw_elevator_text_lcd.v(288): incomplete case statement has no default case item
Warning (10235): Verilog HDL Always Construct warning at draw_elevator_text_lcd.v(308): variable "mode_delay" is read inside the Always Construct but isn't in the Always Construct's Event Control
Warning (10235): Verilog HDL Always Construct warning at draw_elevator_text_lcd.v(309): variable "mode_actcm" is read inside the Always Construct but isn't in the Always Construct's Event Control
Warning (10240): Verilog HDL Always Construct warning at draw_elevator_text_lcd.v(249): inferring latch(es) for variable "set_data", which holds its previous value in one or more paths through the always construct
Info (10041): Inferred latch for "set_data[0]" at draw_elevator_text_lcd.v(249)
Info (10041): Inferred latch for "set_data[1]" at draw_elevator_text_lcd.v(249)
Info (10041): Inferred latch for "set_data[2]" at draw_elevator_text_lcd.v(249)
Info (10041): Inferred latch for "set_data[3]" at draw_elevator_text_lcd.v(249)
Info (10041): Inferred latch for "set_data[4]" at draw_elevator_text_lcd.v(249)
Info (10041): Inferred latch for "set_data[5]" at draw_elevator_text_lcd.v(249)
Info (10041): Inferred latch for "set_data[6]" at draw_elevator_text_lcd.v(249)
Info (10041): Inferred latch for "set_data[7]" at draw_elevator_text_lcd.v(249)
Info (10041): Inferred latch for "set_data[8]" at draw_elevator_text_lcd.v(249)
Info (10041): Inferred latch for "set_data[9]" at draw_elevator_text_lcd.v(249)
Info (12128): Elaborating entity "spin_elevator_step_motor" for hierarchy "spin_elevator_step_motor:md_elv_spin"
Warning (10230): Verilog HDL assignment warning at spin_elevator_step_motor.v(37): truncated value with size 32 to match size of target (30)
Warning (10230): Verilog HDL assignment warning at spin_elevator_step_motor.v(46): truncated value with size 32 to match size of target (30)
Warning (10230): Verilog HDL assignment warning at spin_elevator_step_motor.v(55): truncated value with size 32 to match size of target (30)
Warning (10230): Verilog HDL assignment warning at spin_elevator_step_motor.v(60): truncated value with size 32 to match size of target (30)
Info (12128): Elaborating entity "elevator_control_push_btns" for hierarchy "elevator_control_push_btns:md_elv_control"
Warning (13012): Latch draw_elevator_text_lcd:md_elv_draw|set_data[9] has unsafe behavior
    Warning (13013): Ports D and ENA on the latch are fed by the same signal draw_elevator_text_lcd:md_elv_draw|WideOr30
Warning (13012): Latch draw_elevator_text_lcd:md_elv_draw|set_data[0] has unsafe behavior
    Warning (13013): Ports D and ENA on the latch are fed by the same signal draw_elevator_text_lcd:md_elv_draw|lcd_mode.00110
Warning (13012): Latch draw_elevator_text_lcd:md_elv_draw|set_data[1] has unsafe behavior
    Warning (13013): Ports D and ENA on the latch are fed by the same signal draw_elevator_text_lcd:md_elv_draw|lcd_mode.01011
Warning (13012): Latch draw_elevator_text_lcd:md_elv_draw|set_data[2] has unsafe behavior
    Warning (13013): Ports D and ENA on the latch are fed by the same signal draw_elevator_text_lcd:md_elv_draw|lcd_mode.00011
Warning (13012): Latch draw_elevator_text_lcd:md_elv_draw|set_data[3] has unsafe behavior
    Warning (13013): Ports D and ENA on the latch are fed by the same signal draw_elevator_text_lcd:md_elv_draw|lcd_mode.00001
Warning (13012): Latch draw_elevator_text_lcd:md_elv_draw|set_data[4] has unsafe behavior
    Warning (13013): Ports D and ENA on the latch are fed by the same signal draw_elevator_text_lcd:md_elv_draw|lcd_mode.00001
Warning (13012): Latch draw_elevator_text_lcd:md_elv_draw|set_data[5] has unsafe behavior
    Warning (13013): Ports D and ENA on the latch are fed by the same signal draw_elevator_text_lcd:md_elv_draw|lcd_mode.00001
Warning (13012): Latch draw_elevator_text_lcd:md_elv_draw|set_data[6] has unsafe behavior
    Warning (13013): Ports D and ENA on the latch are fed by the same signal draw_elevator_text_lcd:md_elv_draw|lcd_mode.01001
Warning (13012): Latch draw_elevator_text_lcd:md_elv_draw|set_data[7] has unsafe behavior
    Warning (13013): Ports D and ENA on the latch are fed by the same signal draw_elevator_text_lcd:md_elv_draw|lcd_mode.00111
Warning (13024): Output pins are stuck at VCC or GND
    Warning (13410): Pin "lcd_rw" is stuck at GND
Info (17049): 90 registers lost all their fanouts during netlist optimizations.
Info (144001): Generated suppressed messages file C:/GitHub/ElevatorMoveTest/output_files/elevator_simulator.map.smsg
Info (16010): Generating hard_block partition "hard_block:auto_generated_inst"
    Info (16011): Adding 0 node(s), including 0 DDIO, 0 PLL, 0 transceiver and 0 LCELL
Info (21057): Implemented 633 device resources after synthesis - the final resource count might be different
    Info (21058): Implemented 11 input pins
    Info (21059): Implemented 55 output pins
    Info (21061): Implemented 567 logic cells
Info: Quartus II 64-Bit Analysis & Synthesis was successful. 0 errors, 81 warnings
    Info: Peak virtual memory: 443 megabytes
    Info: Processing ended: Fri Jun 20 03:24:00 2014
    Info: Elapsed time: 00:00:03
    Info: Total CPU time (on all processors): 00:00:02


+------------------------------------------+
; Analysis & Synthesis Suppressed Messages ;
+------------------------------------------+
The suppressed messages can be found in C:/GitHub/ElevatorMoveTest/output_files/elevator_simulator.map.smsg.


