------------------------------------------------------------
TimeQuest Timing Analyzer Summary
------------------------------------------------------------

Type  : Slow Model Setup 'clk_in'
Slack : -9.565
TNS   : -994.524

Type  : Slow Model Setup 'draw_elevator_text_lcd:md_elv_draw|count_lcd[0]'
Slack : -5.176
TNS   : -40.084

Type  : Slow Model Setup 'direction_state_dot_matrix:md_elv_directions|clk_out'
Slack : -2.249
TNS   : -37.527

Type  : Slow Model Setup 'elevator_control_push_btns:md_elv_control|input_confirm'
Slack : -0.190
TNS   : -0.373

Type  : Slow Model Hold 'draw_elevator_text_lcd:md_elv_draw|count_lcd[0]'
Slack : -4.733
TNS   : -37.468

Type  : Slow Model Hold 'clk_in'
Slack : -2.957
TNS   : -44.881

Type  : Slow Model Hold 'elevator_control_push_btns:md_elv_control|input_confirm'
Slack : -0.129
TNS   : -0.368

Type  : Slow Model Hold 'direction_state_dot_matrix:md_elv_directions|clk_out'
Slack : 0.499
TNS   : 0.000

Type  : Slow Model Minimum Pulse Width 'clk_in'
Slack : -1.941
TNS   : -340.293

Type  : Slow Model Minimum Pulse Width 'draw_elevator_text_lcd:md_elv_draw|count_lcd[0]'
Slack : -0.952
TNS   : -64.838

Type  : Slow Model Minimum Pulse Width 'direction_state_dot_matrix:md_elv_directions|clk_out'
Slack : -0.742
TNS   : -31.164

Type  : Slow Model Minimum Pulse Width 'elevator_control_push_btns:md_elv_control|input_confirm'
Slack : -0.742
TNS   : -11.872

Type  : Fast Model Setup 'clk_in'
Slack : -2.352
TNS   : -185.382

Type  : Fast Model Setup 'draw_elevator_text_lcd:md_elv_draw|count_lcd[0]'
Slack : -1.086
TNS   : -8.463

Type  : Fast Model Setup 'direction_state_dot_matrix:md_elv_directions|clk_out'
Slack : -0.129
TNS   : -0.661

Type  : Fast Model Setup 'elevator_control_push_btns:md_elv_control|input_confirm'
Slack : 0.516
TNS   : 0.000

Type  : Fast Model Hold 'draw_elevator_text_lcd:md_elv_draw|count_lcd[0]'
Slack : -2.105
TNS   : -16.269

Type  : Fast Model Hold 'clk_in'
Slack : -1.596
TNS   : -27.850

Type  : Fast Model Hold 'elevator_control_push_btns:md_elv_control|input_confirm'
Slack : 0.066
TNS   : 0.000

Type  : Fast Model Hold 'direction_state_dot_matrix:md_elv_directions|clk_out'
Slack : 0.215
TNS   : 0.000

Type  : Fast Model Minimum Pulse Width 'clk_in'
Slack : -1.380
TNS   : -229.380

Type  : Fast Model Minimum Pulse Width 'direction_state_dot_matrix:md_elv_directions|clk_out'
Slack : -0.500
TNS   : -21.000

Type  : Fast Model Minimum Pulse Width 'elevator_control_push_btns:md_elv_control|input_confirm'
Slack : -0.500
TNS   : -8.000

Type  : Fast Model Minimum Pulse Width 'draw_elevator_text_lcd:md_elv_draw|count_lcd[0]'
Slack : -0.078
TNS   : -0.492

------------------------------------------------------------
