------------------------------------------------------------
TimeQuest Timing Analyzer Summary
------------------------------------------------------------

Type  : Slow Model Setup 'clk_in'
Slack : -9.694
TNS   : -2301.421

Type  : Slow Model Setup 'elevator_control_push_btns:md_elv_control|input_confirm'
Slack : -7.482
TNS   : -282.432

Type  : Slow Model Setup 'direction_state_dot_matrix:md_elv_directions|clk_out'
Slack : -6.206
TNS   : -82.812

Type  : Slow Model Setup 'draw_elevator_text_lcd:md_elv_draw|count_lcd[0]'
Slack : -4.332
TNS   : -33.729

Type  : Slow Model Hold 'draw_elevator_text_lcd:md_elv_draw|count_lcd[0]'
Slack : -4.545
TNS   : -36.638

Type  : Slow Model Hold 'clk_in'
Slack : -2.974
TNS   : -40.120

Type  : Slow Model Hold 'elevator_control_push_btns:md_elv_control|input_confirm'
Slack : 0.163
TNS   : 0.000

Type  : Slow Model Hold 'direction_state_dot_matrix:md_elv_directions|clk_out'
Slack : 0.499
TNS   : 0.000

Type  : Slow Model Minimum Pulse Width 'clk_in'
Slack : -1.941
TNS   : -601.477

Type  : Slow Model Minimum Pulse Width 'elevator_control_push_btns:md_elv_control|input_confirm'
Slack : -0.742
TNS   : -108.332

Type  : Slow Model Minimum Pulse Width 'direction_state_dot_matrix:md_elv_directions|clk_out'
Slack : -0.742
TNS   : -34.132

Type  : Slow Model Minimum Pulse Width 'draw_elevator_text_lcd:md_elv_draw|count_lcd[0]'
Slack : -0.561
TNS   : -12.730

Type  : Fast Model Setup 'clk_in'
Slack : -2.444
TNS   : -511.948

Type  : Fast Model Setup 'elevator_control_push_btns:md_elv_control|input_confirm'
Slack : -2.242
TNS   : -64.551

Type  : Fast Model Setup 'direction_state_dot_matrix:md_elv_directions|clk_out'
Slack : -1.160
TNS   : -12.712

Type  : Fast Model Setup 'draw_elevator_text_lcd:md_elv_draw|count_lcd[0]'
Slack : -0.897
TNS   : -7.243

Type  : Fast Model Hold 'draw_elevator_text_lcd:md_elv_draw|count_lcd[0]'
Slack : -1.945
TNS   : -15.352

Type  : Fast Model Hold 'clk_in'
Slack : -1.612
TNS   : -25.324

Type  : Fast Model Hold 'elevator_control_push_btns:md_elv_control|input_confirm'
Slack : 0.122
TNS   : 0.000

Type  : Fast Model Hold 'direction_state_dot_matrix:md_elv_directions|clk_out'
Slack : 0.215
TNS   : 0.000

Type  : Fast Model Minimum Pulse Width 'clk_in'
Slack : -1.380
TNS   : -405.380

Type  : Fast Model Minimum Pulse Width 'elevator_control_push_btns:md_elv_control|input_confirm'
Slack : -0.500
TNS   : -73.000

Type  : Fast Model Minimum Pulse Width 'direction_state_dot_matrix:md_elv_directions|clk_out'
Slack : -0.500
TNS   : -23.000

Type  : Fast Model Minimum Pulse Width 'draw_elevator_text_lcd:md_elv_draw|count_lcd[0]'
Slack : -0.017
TNS   : -0.102

------------------------------------------------------------
